#!/bin/sh
wget http://www.inet.home/debian/extras/xdg/xfce4/panel/xfce4-clipman-actions.xml -O /target/etc/xdg/xfce4/panel/xfce4-clipman-actions.xml
wget http://www.inet.home/debian/extras/xdg/xfce4/panel/default.xml -O /target/etc/xdg/xfce4/panel/default.xml
wget http://www.inet.home/debian/extras/xdg/xfce4/panel/whiskermenu-7.rc -O /target/etc/xdg/xfce4/panel/whiskermenu-7.rc
wget http://www.inet.home/debian/extras/xdg/xfce4/panel/~default.xml -O /target/etc/xdg/xfce4/panel/~default.xml
wget http://www.inet.home/debian/extras/xdg/xfce4/xfconf/xfce-perchannel-xml -O /target/etc/xdg/xfce4/xfconf/xfce-perchannel-xml
wget http://www.inet.home/debian/extras/xdg/xfce4/xfconf/xfce-perchannel-xml/xfce4-desktop.xml -O /target/etc/xdg/xfce4/xfconf/xfce-perchannel-xml/xfce4-desktop.xml
wget http://www.inet.home/debian/extras/xdg/xfce4/xfconf/xfce-perchannel-xml/xsettings.xml -O /target/etc/xdg/xfce4/xfconf/xfce-perchannel-xml/xsettings.xml
wget http://www.inet.home/debian/extras/xdg/xfce4/xfconf/xfce-perchannel-xml/xfce4-power-manager.xml -O /target/etc/xdg/xfce4/xfconf/xfce-perchannel-xml/xfce4-power-manager.xml
wget http://www.inet.home/debian/extras/xdg/xfce4/xfconf/xfce-perchannel-xml/thunar-volman.xml -O /target/etc/xdg/xfce4/xfconf/xfce-perchannel-xml/thunar-volman.xml
wget http://www.inet.home/debian/extras/xdg/xfce4/xfconf/xfce-perchannel-xml/xfce4-session.xml -O /target/etc/xdg/xfce4/xfconf/xfce-perchannel-xml/xfce4-session.xml
wget http://www.inet.home/debian/extras/xdg/xfce4/xfconf/xfce-perchannel-xml/xfce4-keyboard-shortcuts.xml -O /target/etc/xdg/xfce4/xfconf/xfce-perchannel-xml/xfce4-keyboard-shortcuts.xml
wget http://www.inet.home/debian/extras/xdg/xfce4/helpers.rc -O /target/etc/xdg/xfce4/helpers.rc
wget http://www.inet.home/debian/extras/xdg/xfce4/Xft.xrdb -O /target/etc/xdg/xfce4/Xft.xrdb
wget http://www.inet.home/debian/extras/xdg/xfce4/xinitrc -O /target/etc/xdg/xfce4/xinitrc
